[2026-06-03 11:24:18] Админ — Изменён статус: #1000 → ON_THE_WAY
[2026-06-03 11:24:19] Админ — Изменён статус: #1000 → ARRIVED
[2026-06-03 11:24:19] Админ — Изменён статус: #1000 → IN_PROGRESS
[2026-06-03 11:24:57] Админ — Назначен инженер: #1001 → Иван Петров
[2026-06-03 13:20:27] Админ — Изменён статус: #1000 → REVIEW
[2026-06-03 13:28:18] Админ — Создана заявка: #1004 Тест чек-листа
[2026-06-03 13:28:18] Админ — Изменён статус: #1004 → ACCEPTED
[2026-06-03 13:28:18] Админ — Изменён статус: #1004 → ON_THE_WAY
[2026-06-03 13:28:18] Админ — Изменён статус: #1004 → ARRIVED
[2026-06-03 13:28:18] Админ — Изменён статус: #1004 → IN_PROGRESS
[2026-06-03 13:28:18] Админ — Изменён статус: #1004 → REVIEW
[2026-06-03 13:28:48] Админ — Изменён статус: #1004 → COMPLETED
[2026-06-03 15:03:00] Админ — Редизайн UI: тёмная тема, сайдбар, KPI-статистика, статус-пилюли, стекломорфизм
[2026-06-03 15:11:00] Админ — Увеличены шрифты: базовый 13→15px, таблицы 12→13px, сайдбар 13→14px
[2026-06-03 15:12:00] Админ — Развёрнуты тестовые данные: 8 сотрудников, 8 объектов, 15 заявок, 6 складов, 14 номенклатуры, 11 остатков
[2026-06-03 15:17:00] Админ — Добавлен 401-интерсептор: авто-релогин при невалидном токене
[2026-06-03 16:30:00] Админ — Добавлена админ-панель: дашборд статистики, управление пользователями, клиентами (CRUD), история действий
[2026-06-03 16:34:36] Админ — Создана заявка: #1016 Tect
[2026-06-03 13:47:37] СИСТЕМА — Заявка на регистрацию: Новый Инженер (new.eng@fsm.local), роль: engineer, ожидает утверждения админом
[2026-06-03 13:47:44] Админ — Утвердил пользователя: Новый Инженер (new.eng@fsm.local), роль: engineer
[2026-06-03 16:47:00] СИСТЕМА — Регистрация пользователей: статус pending/active/rejected, согласие на ПД, модерация админом, запрет самовольного назначения admin
[2026-06-03 16:52:00] Админ — Удаление/редактирование пользователей разрешено только админу, DELETE-эндпоинт, скрытие кнопок у не-админов
[2026-06-03 17:50:47] СИСТЕМА — Заявка на регистрацию: Dmitry (a@it37.ru), роль: engineer, ожидает утверждения админом
[2026-06-03 17:51:45] Админ — Утвердил пользователя: Dmitry (a@it37.ru), роль: engineer
